\BOOKMARK [1][-]{section.1}{\376\377\116\000\060\001\000\040\225\356\230\230\221\315\217\360}{}% 1
\BOOKMARK [2][-]{subsection.1.1}{\376\377\0001\000.\0001\000\040\225\356\230\230\200\314\146\157}{section.1}% 2
\BOOKMARK [2][-]{subsection.1.2}{\376\377\0001\000.\0002\000\040\225\356\230\230\166\204\143\320\121\372}{section.1}% 3
\BOOKMARK [1][-]{section.2}{\376\377\116\214\060\001\000\040\225\356\230\230\122\006\147\220}{}% 4
\BOOKMARK [1][-]{section.3}{\376\377\116\011\060\001\000\040\152\041\127\213\120\107\213\276}{}% 5
\BOOKMARK [1][-]{section.4}{\376\377\126\333\060\001\000\040\225\356\230\230\116\000\377\032\000B\000G\000A\116\016\000P\000C\000B\227\136\127\107\215\050\137\071\140\047\147\177\166\204\173\111\145\110\160\355\137\071\140\047\123\302\145\160\117\060\213\241}{}% 6
\BOOKMARK [2][-]{subsection.4.1}{\376\377\0004\000.\0001\000\040\154\102\173\111\145\110\142\311\117\070\147\150\154\017\152\041\221\317}{section.4}% 7
\BOOKMARK [2][-]{subsection.4.2}{\376\377\0004\000.\0002\000\040\154\102\173\111\145\110\137\057\146\362\147\150\154\017\152\041\221\317}{section.4}% 8
\BOOKMARK [2][-]{subsection.4.3}{\376\377\0004\000.\0003\000\040\154\102\173\111\145\110\160\355\201\250\200\300\174\373\145\160}{section.4}% 9
\BOOKMARK [2][-]{subsection.4.4}{\376\377\0004\000.\0004\000\040\000A\000B\000D\173\111\116\367\137\142\137\017\116\016\133\371\124\016\176\355\225\356\230\230\166\204\143\245\123\343}{section.4}% 10
\BOOKMARK [1][-]{section.5}{\376\377\116\224\060\001\000\040\225\356\230\230\116\214\377\032\000Q\000F\000N\134\001\210\305\154\277\133\371\211\322\176\277\145\271\124\021\166\204\173\111\145\110\160\355\137\071\140\047\123\302\145\160\117\060\213\241}{}% 11
\BOOKMARK [2][-]{subsection.5.1}{\376\377\0005\000.\0001\000\040\154\102\173\111\145\110\142\311\117\070\147\150\154\017\152\041\221\317}{section.5}% 12
\BOOKMARK [2][-]{subsection.5.2}{\376\377\0005\000.\0002\000\040\154\102\173\111\145\110\137\057\146\362\147\150\154\017\152\041\221\317}{section.5}% 13
\BOOKMARK [2][-]{subsection.5.3}{\376\377\0005\000.\0003\000\040\154\102\173\111\145\110\160\355\201\250\200\300\174\373\145\160}{section.5}% 14
\BOOKMARK [1][-]{section.6}{\376\377\121\155\060\001\000\040\225\356\230\230\116\011\377\032\133\236\226\105\000B\000G\000A\134\001\210\305\211\322\160\271\166\204\173\111\145\110\160\355\137\071\140\047\123\302\145\160\117\060\213\241}{}% 15
\BOOKMARK [1][-]{section.7}{\376\377\116\003\060\001\000\040\152\041\127\213\166\204\122\006\147\220\116\016\150\300\232\214}{}% 16
\BOOKMARK [2][-]{subsection.7.1}{\376\377\0007\000.\0001\000\040\211\343\147\220\220\000\123\026\150\300\232\214}{section.7}% 17
\BOOKMARK [2][-]{subsection.7.2}{\376\377\0007\000.\0002\000\040\116\011\123\072\153\265\152\041\127\213\116\016\116\044\123\072\153\265\152\041\127\213\166\204\133\371\153\324}{section.7}% 18
\BOOKMARK [2][-]{subsection.7.3}{\376\377\0007\000.\0003\000\040\211\322\160\271\172\227\123\343\213\312\145\255\116\016\172\227\123\343\133\275\136\246\145\117\141\037\140\047}{section.7}% 19
\BOOKMARK [2][-]{subsection.7.4}{\376\377\0007\000.\0004\000\040\116\214\176\364\130\363\000-\171\273\145\143\137\071\174\047\150\041\150\070}{section.7}% 20
\BOOKMARK [2][-]{subsection.7.5}{\376\377\0007\000.\0005\000\040\160\165\145\117\136\246\122\006\147\220}{section.7}% 21
\BOOKMARK [1][-]{section.8}{\376\377\121\153\060\001\000\040\152\041\127\213\166\204\213\304\116\367\060\001\145\071\217\333\116\016\143\250\136\177}{}% 22
\BOOKMARK [2][-]{subsection.8.1}{\376\377\0008\000.\0001\000\040\152\041\127\213\166\204\117\030\160\271}{section.8}% 23
\BOOKMARK [2][-]{subsection.8.2}{\376\377\0008\000.\0002\000\040\152\041\127\213\166\204\177\072\160\271}{section.8}% 24
\BOOKMARK [2][-]{subsection.8.3}{\376\377\0008\000.\0003\000\040\152\041\127\213\166\204\145\071\217\333}{section.8}% 25
\BOOKMARK [2][-]{subsection.8.4}{\376\377\0008\000.\0004\000\040\152\041\127\213\166\204\143\250\136\177}{section.8}% 26
